app/api/video-upload/route.ts(4,10): error TS2305: Module '"@prisma/client"' has no exported member 'PrismaClient'.
app/api/video/route.ts(1,10): error TS2305: Module '"@prisma/client"' has no exported member 'PrismaClient'.
